Archive member included to satisfy reference by file (symbol)

c:/program files (x86)/atmel/studio/7.0/toolchain/avr8/avr8-gnu-toolchain/bin/../lib/gcc/avr/5.4.0/../../../../avr/lib/avr5\libm.a(addsf3.o)
                              main.o (__subsf3)
c:/program files (x86)/atmel/studio/7.0/toolchain/avr8/avr8-gnu-toolchain/bin/../lib/gcc/avr/5.4.0/../../../../avr/lib/avr5\libm.a(addsf3x.o)
                              c:/program files (x86)/atmel/studio/7.0/toolchain/avr8/avr8-gnu-toolchain/bin/../lib/gcc/avr/5.4.0/../../../../avr/lib/avr5\libm.a(addsf3.o) (__addsf3x)
c:/program files (x86)/atmel/studio/7.0/toolchain/avr8/avr8-gnu-toolchain/bin/../lib/gcc/avr/5.4.0/../../../../avr/lib/avr5\libm.a(ceil.o)
                              INA226.o (ceil)
c:/program files (x86)/atmel/studio/7.0/toolchain/avr8/avr8-gnu-toolchain/bin/../lib/gcc/avr/5.4.0/../../../../avr/lib/avr5\libm.a(cmpsf2.o)
                              main.o (__ltsf2)
c:/program files (x86)/atmel/studio/7.0/toolchain/avr8/avr8-gnu-toolchain/bin/../lib/gcc/avr/5.4.0/../../../../avr/lib/avr5\libm.a(divsf3.o)
                              INA226.o (__divsf3)
c:/program files (x86)/atmel/studio/7.0/toolchain/avr8/avr8-gnu-toolchain/bin/../lib/gcc/avr/5.4.0/../../../../avr/lib/avr5\libm.a(divsf3x.o)
                              c:/program files (x86)/atmel/studio/7.0/toolchain/avr8/avr8-gnu-toolchain/bin/../lib/gcc/avr/5.4.0/../../../../avr/lib/avr5\libm.a(divsf3.o) (__divsf3x)
c:/program files (x86)/atmel/studio/7.0/toolchain/avr8/avr8-gnu-toolchain/bin/../lib/gcc/avr/5.4.0/../../../../avr/lib/avr5\libm.a(fixsfsi.o)
                              main.o (__fixsfsi)
c:/program files (x86)/atmel/studio/7.0/toolchain/avr8/avr8-gnu-toolchain/bin/../lib/gcc/avr/5.4.0/../../../../avr/lib/avr5\libm.a(fixunssfsi.o)
                              INA226.o (__fixunssfsi)
c:/program files (x86)/atmel/studio/7.0/toolchain/avr8/avr8-gnu-toolchain/bin/../lib/gcc/avr/5.4.0/../../../../avr/lib/avr5\libm.a(floatsisf.o)
                              INA226.o (__floatunsisf)
c:/program files (x86)/atmel/studio/7.0/toolchain/avr8/avr8-gnu-toolchain/bin/../lib/gcc/avr/5.4.0/../../../../avr/lib/avr5\libm.a(fp_cmp.o)
                              c:/program files (x86)/atmel/studio/7.0/toolchain/avr8/avr8-gnu-toolchain/bin/../lib/gcc/avr/5.4.0/../../../../avr/lib/avr5\libm.a(cmpsf2.o) (__fp_cmp)
c:/program files (x86)/atmel/studio/7.0/toolchain/avr8/avr8-gnu-toolchain/bin/../lib/gcc/avr/5.4.0/../../../../avr/lib/avr5\libm.a(fp_inf.o)
                              c:/program files (x86)/atmel/studio/7.0/toolchain/avr8/avr8-gnu-toolchain/bin/../lib/gcc/avr/5.4.0/../../../../avr/lib/avr5\libm.a(addsf3x.o) (__fp_inf)
c:/program files (x86)/atmel/studio/7.0/toolchain/avr8/avr8-gnu-toolchain/bin/../lib/gcc/avr/5.4.0/../../../../avr/lib/avr5\libm.a(fp_mintl.o)
                              c:/program files (x86)/atmel/studio/7.0/toolchain/avr8/avr8-gnu-toolchain/bin/../lib/gcc/avr/5.4.0/../../../../avr/lib/avr5\libm.a(ceil.o) (__fp_mintl)
c:/program files (x86)/atmel/studio/7.0/toolchain/avr8/avr8-gnu-toolchain/bin/../lib/gcc/avr/5.4.0/../../../../avr/lib/avr5\libm.a(fp_mpack.o)
                              c:/program files (x86)/atmel/studio/7.0/toolchain/avr8/avr8-gnu-toolchain/bin/../lib/gcc/avr/5.4.0/../../../../avr/lib/avr5\libm.a(ceil.o) (__fp_mpack)
c:/program files (x86)/atmel/studio/7.0/toolchain/avr8/avr8-gnu-toolchain/bin/../lib/gcc/avr/5.4.0/../../../../avr/lib/avr5\libm.a(fp_nan.o)
                              c:/program files (x86)/atmel/studio/7.0/toolchain/avr8/avr8-gnu-toolchain/bin/../lib/gcc/avr/5.4.0/../../../../avr/lib/avr5\libm.a(addsf3x.o) (__fp_nan)
c:/program files (x86)/atmel/studio/7.0/toolchain/avr8/avr8-gnu-toolchain/bin/../lib/gcc/avr/5.4.0/../../../../avr/lib/avr5\libm.a(fp_pscA.o)
                              c:/program files (x86)/atmel/studio/7.0/toolchain/avr8/avr8-gnu-toolchain/bin/../lib/gcc/avr/5.4.0/../../../../avr/lib/avr5\libm.a(addsf3x.o) (__fp_pscA)
c:/program files (x86)/atmel/studio/7.0/toolchain/avr8/avr8-gnu-toolchain/bin/../lib/gcc/avr/5.4.0/../../../../avr/lib/avr5\libm.a(fp_pscB.o)
                              c:/program files (x86)/atmel/studio/7.0/toolchain/avr8/avr8-gnu-toolchain/bin/../lib/gcc/avr/5.4.0/../../../../avr/lib/avr5\libm.a(addsf3x.o) (__fp_pscB)
c:/program files (x86)/atmel/studio/7.0/toolchain/avr8/avr8-gnu-toolchain/bin/../lib/gcc/avr/5.4.0/../../../../avr/lib/avr5\libm.a(fp_round.o)
                              c:/program files (x86)/atmel/studio/7.0/toolchain/avr8/avr8-gnu-toolchain/bin/../lib/gcc/avr/5.4.0/../../../../avr/lib/avr5\libm.a(addsf3.o) (__fp_round)
c:/program files (x86)/atmel/studio/7.0/toolchain/avr8/avr8-gnu-toolchain/bin/../lib/gcc/avr/5.4.0/../../../../avr/lib/avr5\libm.a(fp_split3.o)
[...]
Memory Configuration

Name             Origin             Length             Attributes
text             0x00000000         0x00020000         xr
data             0x00800060         0x0000ffa0         rw !x
eeprom           0x00810000         0x00010000         rw !x
fuse             0x00820000         0x00000003         rw !x
lock             0x00830000         0x00000400         rw !x
signature        0x00840000         0x00000400         rw !x
user_signatures  0x00850000         0x00000400         rw !x
*default*        0x00000000         0xffffffff

Linker script and memory map

Address of section .data set to 0x800100
LOAD C:/Program Files (x86)/Atmel/Studio/7.0/Packs/atmel/ATmega_DFP/1.2.150/gcc/dev/atmega328p/avr5/crtatmega328p.o
LOAD Adafruit_GFX.o
LOAD Adafruit_SSD1306.o
LOAD fifo.o
LOAD glcdfont.o
LOAD GPIO.o
LOAD HardwareSerial.o
LOAD i2c.o
LOAD INA226.o
LOAD main.o
LOAD myStack.o
LOAD old_testing_code_log.o
LOAD Stream.o
START GROUP
LOAD c:/program files (x86)/atmel/studio/7.0/toolchain/avr8/avr8-gnu-toolchain/bin/../lib/gcc/avr/5.4.0/../../../../avr/lib/avr5\libm.a
LOAD ..\libcore.a
END GROUP
LOAD c:/program files (x86)/atmel/studio/7.0/toolchain/avr8/avr8-gnu-toolchain/bin/../lib/gcc/avr/5.4.0/avr5\libgcc.a
LOAD c:/program files (x86)/atmel/studio/7.0/toolchain/avr8/avr8-gnu-toolchain/bin/../lib/gcc/avr/5.4.0/../../../../avr/lib/avr5\libm.a
START GROUP
LOAD c:/program files (x86)/atmel/studio/7.0/toolchain/avr8/avr8-gnu-toolchain/bin/../lib/gcc/avr/5.4.0/avr5\libgcc.a
LOAD c:/program files (x86)/atmel/studio/7.0/toolchain/avr8/avr8-gnu-toolchain/bin/../lib/gcc/avr/5.4.0/../../../../avr/lib/avr5\libm.a
LOAD c:/program files (x86)/atmel/studio/7.0/toolchain/avr8/avr8-gnu-toolchain/bin/../lib/gcc/avr/5.4.0/../../../../avr/lib/avr5\libc.a
LOAD C:/Program Files (x86)/Atmel/Studio/7.0/Packs/atmel/ATmega_DFP/1.2.150/gcc/dev/atmega328p/avr5\libatmega328p.a
END GROUP
                0x00020000                __TEXT_REGION_LENGTH__ = DEFINED (__TEXT_REGION_LENGTH__)?__TEXT_REGION_LENGTH__:0x20000
                0x0000ffa0                __DATA_REGION_LENGTH__ = DEFINED (__DATA_REGION_LENGTH__)?__DATA_REGION_LENGTH__:0xffa0
                0x00010000                __EEPROM_REGION_LENGTH__ = DEFINED (__EEPROM_REGION_LENGTH__)?__EEPROM_REGION_LENGTH__:0x10000
                [0x00000003]                __FUSE_REGION_LENGTH__ = DEFINED (__FUSE_REGION_LENGTH__)?__FUSE_REGION_LENGTH__:0x400
                0x00000400                __LOCK_REGION_LENGTH__ = DEFINED (__LOCK_REGION_LENGTH__)?__LOCK_REGION_LENGTH__:0x400
                0x00000400                __SIGNATURE_REGION_LENGTH__ = DEFINED (__SIGNATURE_REGION_LENGTH__)?__SIGNATURE_REGION_LENGTH__:0x400
                0x00000400                __USER_SIGNATURE_REGION_LENGTH__ = DEFINED (__USER_SIGNATURE_REGION_LENGTH__)?__USER_SIGNATURE_REGION_LENGTH__:0x400

.hash
 *(.hash)

.dynsym
 *(.dynsym)

.dynstr
 *(.dynstr)

.gnu.version
 *(.gnu.version)

.gnu.version_d
 *(.gnu.version_d)

.gnu.version_r
 *(.gnu.version_r)

.rel.init
 *(.rel.init)

.rela.init
 *(.rela.init)

.rel.text
 *(.rel.text)
 *(.rel.text.*)
 *(.rel.gnu.linkonce.t*)

.rela.text
 *(.rela.text)
 *(.rela.text.*)
 *(.rela.gnu.linkonce.t*)

.rel.fini
 *(.rel.fini)

.rela.fini
 *(.rela.fini)

.rel.rodata
 *(.rel.rodata)
 *(.rel.rodata.*)
 *(.rel.gnu.linkonce.r*)

.rela.rodata
 *(.rela.rodata)
 *(.rela.rodata.*)
 *(.rela.gnu.linkonce.r*)

.rel.data
 *(.rel.data)
 *(.rel.data.*)
 *(.rel.gnu.linkonce.d*)

.rela.data
 *(.rela.data)
 *(.rela.data.*)
 *(.rela.gnu.linkonce.d*)

.rel.ctors
 *(.rel.ctors)

.rela.ctors
 *(.rela.ctors)

.rel.dtors
 *(.rel.dtors)

.rela.dtors
 *(.rela.dtors)

.rel.got
 *(.rel.got)

.rela.got
 *(.rela.got)

.rel.bss
 *(.rel.bss)

.rela.bss
 *(.rela.bss)

.rel.plt
 *(.rel.plt)

.rela.plt
 *(.rela.plt)

.text           0x00000000     0x3cd2
 *(.vectors)
 .vectors       0x00000000       0x68 C:/Program Files (x86)/Atmel/Studio/7.0/Packs/atmel/ATmega_DFP/1.2.150/gcc/dev/atmega328p/avr5/crtatmega328p.o
                0x00000000                __vector_default
                0x00000000                __vectors
 *(.vectors)
 *(.progmem.gcc*)
                0x00000068                . = ALIGN (0x2)
                0x00000068                __trampolines_start = .
 *(.trampolines)
 .trampolines   0x00000068        0x0 linker stubs
 *(.trampolines*)
                0x00000068                __trampolines_end = .
 *libprintf_flt.a:*(.progmem.data)
 *libc.a:*(.progmem.data)
 *(.progmem*)
 .progmem.data._ZL4font
                0x00000068      0x4fb Adafruit_GFX.o
 .progmem.data._ZZ13readSerialCmdvE3__c_8
                0x00000563        0x9 main.o
 .progmem.data._ZZ13readSerialCmdvE3__c_7
                0x0000056c        0x2 main.o
 .progmem.data._ZZ13readSerialCmdvE3__c_6
                0x0000056e        0x6 main.o
 .progmem.data._ZZ13readSerialCmdvE3__c_5
                0x00000574        0x3 main.o
 .progmem.data._ZZ13readSerialCmdvE3__c_4
                0x00000577        0x6 main.o
 .progmem.data._ZZ13readSerialCmdvE3__c_3
                0x0000057d        0x3 main.o
 .progmem.data._ZZ13readSerialCmdvE3__c_2
                0x00000580        0x6 main.o
 .progmem.data._ZZ13readSerialCmdvE3__c_1
                0x00000586        0x4 main.o
 .progmem.data._ZZ13readSerialCmdvE3__c_0
                0x0000058a        0x3 main.o
 .progmem.data._ZZ13readSerialCmdvE3__c
                0x0000058d        0x8 main.o
 .progmem.data._ZZ13displayUpdatevE3__c_1
                0x00000595        0x6 main.o
 .progmem.data._ZZ13displayUpdatevE3__c_0
                0x0000059b        0x5 main.o
 .progmem.data._ZZ13displayUpdatevE3__c
                0x000005a0        0x5 main.o
 .progmem.data._ZZ12initPlatformvE3__c_2
                0x000005a5        0x8 main.o
 .progmem.data._ZZ12initPlatformvE3__c_1
                0x000005ad        0xb main.o
 .progmem.data._ZZ12initPlatformvE3__c_0
                0x000005b8        0xa main.o
 .progmem.data._ZZ12initPlatformvE3__c
                0x000005c2       0x1e main.o
 .progmem.data._ZL4cmd7
                0x000005e0        0x6 main.o
 .progmem.data._ZL4cmd6
                0x000005e6        0x6 main.o
 .progmem.data._ZL4cmd5
                0x000005ec        0x6 main.o
 .progmem.data._ZL4cmd4
                0x000005f2        0x6 main.o
 .progmem.data._ZL4cmd3
                0x000005f8        0x5 main.o
 .progmem.data._ZL4cmd2
                0x000005fd        0x4 main.o
 .progmem.data._ZL4cmd1
                0x00000601        0x5 main.o
                0x00000606                . = ALIGN (0x2)
 *(.jumptables)
 *(.jumptables*)
 *(.lowtext)
 *(.lowtext*)
                0x00000606                __ctors_start = .
 *(.ctors)
 .ctors         0x00000606        0x2 HardwareSerial.o
 .ctors         0x00000608        0x2 main.o
                0x0000060a                __ctors_end = .
                0x0000060a                __dtors_start = .
 *(.dtors)
 .dtors         0x0000060a        0x2 main.o
                0x0000060c                __dtors_end = .
 SORT(*)(.ctors)
 SORT(*)(.dtors)
 *(.init0)
 .init0         0x0000060c        0x0 C:/Program Files (x86)/Atmel/Studio/7.0/Packs/atmel/ATmega_DFP/1.2.150/gcc/dev/atmega328p/avr5/crtatmega328p.o
                0x0000060c                __init
 *(.init0)
 *(.init1)
 *(.init1)
 *(.init2)
 .init2         0x0000060c        0xc C:/Program Files (x86)/Atmel/Studio/7.0/Packs/atmel/ATmega_DFP/1.2.150/gcc/dev/atmega328p/avr5/crtatmega328p.o
 *(.init2)
 *(.init3)
 *(.init3)
 *(.init4)
 .init4         0x00000618       0x16 c:/program files (x86)/atmel/studio/7.0/toolchain/avr8/avr8-gnu-toolchain/bin/../lib/gcc/avr/5.4.0/avr5\libgcc.a(_copy_data.o)
                0x00000618                __do_copy_data
 .init4         0x0000062e       0x10 c:/program files (x86)/atmel/studio/7.0/toolchain/avr8/avr8-gnu-toolchain/bin/../lib/gcc/avr/5.4.0/avr5\libgcc.a(_clear_bss.o)
                0x0000062e                __do_clear_bss
 *(.init4)
 *(.init5)
 *(.init5)
 *(.init6)
 .init6         0x0000063e       0x16 c:/program files (x86)/atmel/studio/7.0/toolchain/avr8/avr8-gnu-toolchain/bin/../lib/gcc/avr/5.4.0/avr5\libgcc.a(_ctors.o)
                0x0000063e                __do_global_ctors
 *(.init6)
 *(.init7)
 *(.init7)
 *(.init8)
 *(.init8)
 *(.init9)
 .init9         0x00000654        0x8 C:/Program Files (x86)/Atmel/Studio/7.0/Packs/atmel/ATmega_DFP/1.2.150/gcc/dev/atmega328p/avr5/crtatmega328p.o
 *(.init9)
 *(.text)
 .text          0x0000065c        0x4 C:/Program Files (x86)/Atmel/Studio/7.0/Packs/atmel/ATmega_DFP/1.2.150/gcc/dev/atmega328p/avr5/crtatmega328p.o
                0x0000065c                __vector_22
                0x0000065c                __vector_24
                0x0000065c                __vector_12
                0x0000065c                __bad_interrupt
                0x0000065c                __vector_6
                0x0000065c                __vector_23
                0x0000065c                __vector_25
                0x0000065c                __vector_11
                0x0000065c                __vector_13
                0x0000065c                __vector_17
                0x0000065c                __vector_7
                0x0000065c                __vector_5
                0x0000065c                __vector_4
                0x0000065c                __vector_9
                0x0000065c                __vector_21
                0x0000065c                __vector_15
                0x0000065c                __vector_8
                0x0000065c                __vector_14
                0x0000065c                __vector_10
                0x0000065c                __vector_20
                0x00000660                . = ALIGN (0x2)
 *(.text.*)
 .text._ZN12Adafruit_GFX8drawLineEiiiij
                0x00000660      0x164 Adafruit_GFX.o
                0x00000660                _ZN12Adafruit_GFX8drawLineEiiiij
 .text._ZN12Adafruit_GFX8drawRectEiiiij
                0x000007c4       0x9e Adafruit_GFX.o
                0x000007c4                _ZN12Adafruit_GFX8drawRectEiiiij
 .text._ZN12Adafruit_GFX13drawFastVLineEiiij
                0x00000862       0x2e Adafruit_GFX.o
                0x00000862                _ZN12Adafruit_GFX13drawFastVLineEiiij
 .text._ZN12Adafruit_GFX13drawFastHLineEiiij
                0x00000890       0x2c Adafruit_GFX.o
                0x00000890                _ZN12Adafruit_GFX13drawFastHLineEiiij
 .text._ZN12Adafruit_GFX8fillRectEiiiij
                0x000008bc       0x6a Adafruit_GFX.o
                0x000008bc                _ZN12Adafruit_GFX8fillRectEiiiij
 .text._ZN12Adafruit_GFX10fillScreenEj
                0x00000926       0x3a Adafruit_GFX.o
                0x00000926                _ZN12Adafruit_GFX10fillScreenEj
 .text._ZN12Adafruit_GFX13invertDisplayEh
                0x00000960        0x2 Adafruit_GFX.o
                0x00000960                _ZN12Adafruit_GFX13invertDisplayEh
 .text._ZN12Adafruit_GFXC2Eii
                0x00000962       0x3c Adafruit_GFX.o
                0x00000962                _ZN12Adafruit_GFXC2Eii
                0x00000962                _ZN12Adafruit_GFXC1Eii
 .text._ZN12Adafruit_GFX8drawCharEiihjjh
                0x0000099e      0x1ae Adafruit_GFX.o
                0x0000099e                _ZN12Adafruit_GFX8drawCharEiihjjh
 .text._ZN12Adafruit_GFX5writeEh
                0x00000b4c       0xac Adafruit_GFX.o
                0x00000b4c                _ZN12Adafruit_GFX5writeEh
 .text._ZN12Adafruit_GFX9setCursorEii
                0x00000bf8        0xc Adafruit_GFX.o
                0x00000bf8                _ZN12Adafruit_GFX9setCursorEii
 .text._ZN12Adafruit_GFX11setTextSizeEh
                0x00000c04        0xc Adafruit_GFX.o
                0x00000c04                _ZN12Adafruit_GFX11setTextSizeEh
 .text._ZN12Adafruit_GFX12setTextColorEj
                0x00000c10        0xc Adafruit_GFX.o
                0x00000c10                _ZN12Adafruit_GFX12setTextColorEj
 .text._ZN12Adafruit_GFX12setTextColorEjj
                0x00000c1c        0xc Adafruit_GFX.o
                0x00000c1c                _ZN12Adafruit_GFX12setTextColorEjj
 .text._ZN12Adafruit_GFX11setTextWrapEh
                0x00000c28        0x6 Adafruit_GFX.o
                0x00000c28                _ZN12Adafruit_GFX11setTextWrapEh
 .text._ZNK12Adafruit_GFX11getRotationEv
                0x00000c2e        0x6 Adafruit_GFX.o
                0x00000c2e                _ZNK12Adafruit_GFX11getRotationEv
 .text._ZNK12Adafruit_GFX5widthEv
                0x00000c34        0x8 Adafruit_GFX.o
                0x00000c34                _ZNK12Adafruit_GFX5widthEv
 .text._ZNK12Adafruit_GFX6heightEv
                0x00000c3c        0x8 Adafruit_GFX.o
                0x00000c3c                _ZNK12Adafruit_GFX6heightEv
 .text._ZN16Adafruit_SSD130613drawFastHLineEiiij
                0x00000c44      0x2b6 Adafruit_SSD1306.o
                0x00000c44                _ZN16Adafruit_SSD130613drawFastHLineEiiij
 .text._ZN16Adafruit_SSD130613drawFastVLineEiiij
                0x00000efa      0x2b4 Adafruit_SSD1306.o
                0x00000efa                _ZN16Adafruit_SSD130613drawFastVLineEiiij
 .text._ZN16Adafruit_SSD13069drawPixelEiij
                0x000011ae      0x16e Adafruit_SSD1306.o
                0x000011ae                _ZN16Adafruit_SSD13069drawPixelEiij
 .text._ZN16Adafruit_SSD1306C2Ev
                0x0000131c       0x2a Adafruit_SSD1306.o
                0x0000131c                _ZN16Adafruit_SSD1306C2Ev
                0x0000131c                _ZN16Adafruit_SSD1306C1Ev
 .text._ZN16Adafruit_SSD130615ssd1306_commandEh
                0x00001346       0x26 Adafruit_SSD1306.o
                0x00001346                _ZN16Adafruit_SSD130615ssd1306_commandEh
 .text._ZN16Adafruit_SSD13065beginEhhb
                0x0000136c      0x100 Adafruit_SSD1306.o
                0x0000136c                _ZN16Adafruit_SSD13065beginEhhb
 .text._ZN16Adafruit_SSD130613invertDisplayEh
                0x0000146c        0xe Adafruit_SSD1306.o
                0x0000146c                _ZN16Adafruit_SSD130613invertDisplayEh
 .text._ZN16Adafruit_SSD13063dimEh
                0x0000147a       0x32 Adafruit_SSD1306.o
                0x0000147a                _ZN16Adafruit_SSD13063dimEh
 .text._ZN16Adafruit_SSD13067displayEv
                0x000014ac       0x70 Adafruit_SSD1306.o
                0x000014ac                _ZN16Adafruit_SSD13067displayEv
 .text._ZN16Adafruit_SSD130612clearDisplayEv
                0x0000151c       0x16 Adafruit_SSD1306.o
                0x0000151c                _ZN16Adafruit_SSD130612clearDisplayEv
 .text._ZN9fifo_byte4initEi
                0x00001532       0x38 fifo.o
                0x00001532                _ZN9fifo_byte4initEi
 .text._ZN4fifo7isEmptyEv
                0x0000156a       0x1a fifo.o
                0x0000156a                _ZN4fifo7isEmptyEv
 .text._ZN9fifo_byteC2Ei
                0x00001584        0xe fifo.o
                0x00001584                _ZN9fifo_byteC1Ei
                0x00001584                _ZN9fifo_byteC2Ei
 .text._ZN9fifo_byte5dequeEv
                0x00001592       0x64 fifo.o
                0x00001592                _ZN9fifo_byte5dequeEv
 .text._ZN9fifo_byte5enqueEh
                0x000015f6       0x66 fifo.o
                0x000015f6                _ZN9fifo_byte5enqueEh
 .text._ZN9fifo_byteD2Ev
                0x0000165c        0x2 fifo.o
                0x0000165c                _ZN9fifo_byteD1Ev
                0x0000165c                _ZN9fifo_byteD2Ev
 .text._ZN4GPIO11parsePinMapEh
                0x0000165e       0x32 GPIO.o
                0x0000165e                _ZN4GPIO11parsePinMapEh
 .text._ZN4GPIO9setOutPutEv
                0x00001690       0x24 GPIO.o
                0x00001690                _ZN4GPIO9setOutPutEv
 .text._ZN4GPIO4HighEv
                0x000016b4       0x24 GPIO.o
                0x000016b4                _ZN4GPIO4HighEv
 .text._ZN4GPIO3LowEv
                0x000016d8       0x26 GPIO.o
                0x000016d8                _ZN4GPIO3LowEv
 .text._ZN4GPIO6toggleEv
                0x000016fe       0x2a GPIO.o
                0x000016fe                _ZN4GPIO6toggleEv
 .text._ZN4GPIO8setInputEv
                0x00001728       0x28 GPIO.o
                0x00001728                _ZN4GPIO8setInputEv
 .text._ZN4GPIO16setInputPullDownEv
                0x00001750       0x3c GPIO.o
                0x00001750                _ZN4GPIO16setInputPullDownEv
 .text._ZN4GPIO14setInputPullUpEv
                0x0000178c       0x3a GPIO.o
                0x0000178c                _ZN4GPIO14setInputPullUpEv
 .text._ZN4GPIO8getStateEv
                0x000017c6       0x24 GPIO.o
                0x000017c6                _ZN4GPIO8getStateEv
 .text._ZN4GPIOC2Eh
                0x000017ea        0x4 GPIO.o
                0x000017ea                _ZN4GPIOC1Eh
                0x000017ea                _ZN4GPIOC2Eh
 .text._ZN14HardwareSerial9availableEv
                0x000017ee       0x20 HardwareSerial.o
                0x000017ee                _ZN14HardwareSerial9availableEv
 .text._ZN14HardwareSerial4peekEv
                0x0000180e       0x38 HardwareSerial.o
                0x0000180e                _ZN14HardwareSerial4peekEv
 .text._ZN14HardwareSerial4readEv
                0x00001846       0x40 HardwareSerial.o
                0x00001846                _ZN14HardwareSerial4readEv
 .text._ZN14HardwareSerial5flushEv
                0x00001886       0x24 HardwareSerial.o
                0x00001886                _ZN14HardwareSerial5flushEv
 .text._ZN14HardwareSerial5writeEh
                0x000018aa       0x84 HardwareSerial.o
                0x000018aa                _ZN14HardwareSerial5writeEh
 .text._Z11serialEventv
                0x0000192e        0x2 HardwareSerial.o
                0x0000192e                _Z11serialEventv
 .text.__vector_18
                0x00001930       0x70 HardwareSerial.o
                0x00001930                __vector_18
 .text._Z14serialEventRunv
                0x000019a0       0x12 HardwareSerial.o
                0x000019a0                _Z14serialEventRunv
 .text.__vector_19
                0x000019b2       0x76 HardwareSerial.o
                0x000019b2                __vector_19
 .text._ZN14HardwareSerial5beginEm
                0x00001a28      0x108 HardwareSerial.o
                0x00001a28                _ZN14HardwareSerial5beginEm
 .text._ZN14HardwareSerial16crStatusDetectedEv
                0x00001b30        0xe HardwareSerial.o
                0x00001b30                _ZN14HardwareSerial16crStatusDetectedEv
 .text.startup._GLOBAL__sub_I_rx_buffer
                0x00001b3e       0x6e HardwareSerial.o
 .text._Z8i2c_initm
                0x00001bac       0x40 i2c.o
                0x00001bac                _Z8i2c_initm
 .text._Z9i2c_startv
                0x00001bec       0x78 i2c.o
                0x00001bec                _Z9i2c_startv
 .text._Z13i2c_rep_startv
                0x00001c64       0x78 i2c.o
                0x00001c64                _Z13i2c_rep_startv
 .text._Z12i2c_transmith
                0x00001cdc       0x78 i2c.o
                0x00001cdc                _Z12i2c_transmith
 .text._Z11i2c_receivehPh
                0x00001d54       0x80 i2c.o
                0x00001d54                _Z11i2c_receivehPh
 .text._Z12i2c_tx_sla_rh
                0x00001dd4        0x8 i2c.o
                0x00001dd4                _Z12i2c_tx_sla_rh
 .text._Z12i2c_tx_sla_wh
                0x00001ddc        0x6 i2c.o
                0x00001ddc                _Z12i2c_tx_sla_wh
 .text._Z9i2c_writehhPhh
                0x00001de2       0x52 i2c.o
                0x00001de2                _Z9i2c_writehhPhh
 .text._Z8i2c_readhhPhh
                0x00001e34       0x7c i2c.o
                0x00001e34                _Z8i2c_readhhPhh
 .text._ZN6INA2265beginEh
                0x00001eb0        0x8 INA226.o
                0x00001eb0                _ZN6INA2265beginEh
 .text._ZN6INA22614readRegister16Eh
                0x00001eb8       0x32 INA226.o
                0x00001eb8                _ZN6INA22614readRegister16Eh
 .text._ZN6INA22616readShuntCurrentEv
                0x00001eea       0x2a INA226.o
                0x00001eea                _ZN6INA22616readShuntCurrentEv
 .text._ZN6INA22614readBusVoltageEv
                0x00001f14       0x20 INA226.o
                0x00001f14                _ZN6INA22614readBusVoltageEv
 .text._ZN6INA22615writeRegister16Ehj
                0x00001f34       0x28 INA226.o
                0x00001f34                _ZN6INA22615writeRegister16Ehj
 .text._ZN6INA2269configureE17ina226_averages_t20ina226_busConvTime_t22ina226_shuntConvTime_t13ina226_mode_t
                0x00001f5c       0x78 INA226.o
                0x00001f5c                _ZN6INA2269configureE17ina226_averages_t20ina226_busConvTime_t22ina226_shuntConvTime_t13ina226_mode_t
 .text._ZN6INA2269calibrateEff
                0x00001fd4       0xdc INA226.o
                0x00001fd4                _ZN6INA2269calibrateEff
 .text._Z13displayUpdatev
                0x000020b0      0x23c main.o
                0x000020b0                _Z13displayUpdatev
 .text._Z19i2c_internal_pullupb
                0x000022ec       0x5c main.o
                0x000022ec                _Z19i2c_internal_pullupb
 .text.__vector_2
                0x00002348       0x14 main.o
                0x00002348                __vector_2
 .text.__vector_1
                0x0000235c       0x6a main.o
                0x0000235c                __vector_1
 .text.__vector_3
                0x000023c6       0x8a main.o
                0x000023c6                __vector_3
 .text._Z9resetPotsv
                0x00002450       0x40 main.o
                0x00002450                _Z9resetPotsv
 .text._Z17setVoltageDividerhhh
                0x00002490       0x52 main.o
                0x00002490                _Z17setVoltageDividerhhh
 .text._Z16getSupplyVoltagev
                0x000024e2       0x86 main.o
                0x000024e2                _Z16getSupplyVoltagev
 .text._Z12initPlatformv
                0x00002568      0x186 main.o
                0x00002568                _Z12initPlatformv
 .text._Z14setLoadCurrentj
                0x000026ee      0x11a main.o
                0x000026ee                _Z14setLoadCurrentj
 .text._Z8increasev
                0x00002808       0x2c main.o
                0x00002808                _Z8increasev
 .text._Z8decreasev
                0x00002834       0x24 main.o
                0x00002834                _Z8decreasev
 .text.loop     0x00002858      0x1d6 main.o
                0x00002858                loop
 .text._Z7replyOKv
                0x00002a2e        0xc main.o
                0x00002a2e                _Z7replyOKv
 .text.startup._GLOBAL__sub_I_stack
                0x00002a3a       0x50 main.o
 .text.exit._GLOBAL__sub_D_stack
                0x00002a8a        0x8 main.o
 .text._Z14readUntilTokenPchh.part.5
                0x00002a92       0x6e main.o
 .text._Z13readSerialCmdv
                0x00002b00      0x1d4 main.o
                0x00002b00                _Z13readSerialCmdv
 .text.startup.main
                0x00002cd4       0x46 main.o
                0x00002cd4                main
 .text.avr-libc.fplib
                0x00002d1a        0xe c:/program files (x86)/atmel/studio/7.0/toolchain/avr8/avr8-gnu-toolchain/bin/../lib/gcc/avr/5.4.0/../../../../avr/lib/avr5\libm.a(addsf3.o)
                0x00002d1a                __subsf3
                0x00002d1c                __addsf3
 .text.avr-libc.fplib
                0x00002d28       0xcc c:/program files (x86)/atmel/studio/7.0/toolchain/avr8/avr8-gnu-toolchain/bin/../lib/gcc/avr/5.4.0/../../../../avr/lib/avr5\libm.a(addsf3x.o)
                0x00002d4a                __addsf3x
 .text.avr-libc.fplib
                0x00002df4       0x2e c:/program files (x86)/atmel/studio/7.0/toolchain/avr8/avr8-gnu-toolchain/bin/../lib/gcc/avr/5.4.0/../../../../avr/lib/avr5\libm.a(ceil.o)
                0x00002df4                ceil
 .text.avr-libc.fplib
                0x00002e22        0xa c:/program files (x86)/atmel/studio/7.0/toolchain/avr8/avr8-gnu-toolchain/bin/../lib/gcc/avr/5.4.0/../../../../avr/lib/avr5\libm.a(cmpsf2.o)
                0x00002e22                __nesf2
                0x00002e22                __eqsf2
                0x00002e22                __cmpsf2
                0x00002e22                __ltsf2
                0x00002e22                __lesf2
 .text.avr-libc.fplib
                0x00002e2c        0x8 c:/program files (x86)/atmel/studio/7.0/toolchain/avr8/avr8-gnu-toolchain/bin/../lib/gcc/avr/5.4.0/../../../../avr/lib/avr5\libm.a(divsf3.o)
                0x00002e2c                __divsf3
 .text.avr-libc.fplib
                0x00002e34       0xdc c:/program files (x86)/atmel/studio/7.0/toolchain/avr8/avr8-gnu-toolchain/bin/../lib/gcc/avr/5.4.0/../../../../avr/lib/avr5\libm.a(divsf3x.o)
                0x00002e54                __divsf3x
                0x00002e5a                __divsf3_pse
 .text.avr-libc.fplib
                0x00002f10        0xe c:/program files (x86)/atmel/studio/7.0/toolchain/avr8/avr8-gnu-toolchain/bin/../lib/gcc/avr/5.4.0/../../../../avr/lib/avr5\libm.a(fixsfsi.o)
                0x00002f10                __fixsfsi
 .text.avr-libc.fplib
                0x00002f1e       0x5e c:/program files (x86)/atmel/studio/7.0/toolchain/avr8/avr8-gnu-toolchain/bin/../lib/gcc/avr/5.4.0/../../../../avr/lib/avr5\libm.a(fixunssfsi.o)
                0x00002f1e                __fixunssfsi
 .text.avr-libc.fplib
                0x00002f7c       0x7a c:/program files (x86)/atmel/studio/7.0/toolchain/avr8/avr8-gnu-toolchain/bin/../lib/gcc/avr/5.4.0/../../../../avr/lib/avr5\libm.a(floatsisf.o)
                0x00002f7c                __floatunsisf
                0x00002f80                __floatsisf
 .text.avr-libc.fplib
                0x00002ff6       0x48 c:/program files (x86)/atmel/studio/7.0/toolchain/avr8/avr8-gnu-toolchain/bin/../lib/gcc/avr/5.4.0/../../../../avr/lib/avr5\libm.a(fp_cmp.o)
                0x00002ff6                __fp_cmp
 .text.avr-libc.fplib
                0x0000303e        0xc c:/program files (x86)/atmel/studio/7.0/toolchain/avr8/avr8-gnu-toolchain/bin/../lib/gcc/avr/5.4.0/../../../../avr/lib/avr5\libm.a(fp_inf.o)
                0x0000303e                __fp_inf
 .text.avr-libc.fplib
                0x0000304a       0x36 c:/program files (x86)/atmel/studio/7.0/toolchain/avr8/avr8-gnu-toolchain/bin/../lib/gcc/avr/5.4.0/../../../../avr/lib/avr5\libm.a(fp_mintl.o)
                0x0000304a                __fp_mintl
 .text.avr-libc.fplib
                0x00003080       0x1c c:/program files (x86)/atmel/studio/7.0/toolchain/avr8/avr8-gnu-toolchain/bin/../lib/gcc/avr/5.4.0/../../../../avr/lib/avr5\libm.a(fp_mpack.o)
                0x00003080                __fp_mpack
                0x00003084                __fp_mpack_finite
 .text.avr-libc.fplib
                0x0000309c        0x6 c:/program files (x86)/atmel/studio/7.0/toolchain/avr8/avr8-gnu-toolchain/bin/../lib/gcc/avr/5.4.0/../../../../avr/lib/avr5\libm.a(fp_nan.o)
                0x0000309c                __fp_nan
 .text.avr-libc.fplib
                0x000030a2        0xe c:/program files (x86)/atmel/studio/7.0/toolchain/avr8/avr8-gnu-toolchain/bin/../lib/gcc/avr/5.4.0/../../../../avr/lib/avr5\libm.a(fp_pscA.o)
                0x000030a2                __fp_pscA
 .text.avr-libc.fplib
                0x000030b0        0xe c:/program files (x86)/atmel/studio/7.0/toolchain/avr8/avr8-gnu-toolchain/bin/../lib/gcc/avr/5.4.0/../../../../avr/lib/avr5\libm.a(fp_pscB.o)
                0x000030b0                __fp_pscB
 .text.avr-libc.fplib
                0x000030be       0x22 c:/program files (x86)/atmel/studio/7.0/toolchain/avr8/avr8-gnu-toolchain/bin/../lib/gcc/avr/5.4.0/../../../../avr/lib/avr5\libm.a(fp_round.o)
                0x000030be                __fp_round
 .text.avr-libc.fplib
                0x000030e0       0x44 c:/program files (x86)/atmel/studio/7.0/toolchain/avr8/avr8-gnu-toolchain/bin/../lib/gcc/avr/5.4.0/../../../../avr/lib/avr5\libm.a(fp_split3.o)
                0x000030e0                __fp_split3
                0x000030f0                __fp_splitA
 .text.avr-libc.fplib
                0x00003124       0x30 c:/program files (x86)/atmel/studio/7.0/toolchain/avr8/avr8-gnu-toolchain/bin/../lib/gcc/avr/5.4.0/../../../../avr/lib/avr5\libm.a(fp_trunc.o)
                0x00003124                __fp_trunc
 .text.avr-libc.fplib
                0x00003154        0xe c:/program files (x86)/atmel/studio/7.0/toolchain/avr8/avr8-gnu-toolchain/bin/../lib/gcc/avr/5.4.0/../../../../avr/lib/avr5\libm.a(fp_zero.o)
                0x00003154                __fp_zero
                0x00003156                __fp_szero
 .text.avr-libc.fplib
                0x00003162        0x8 c:/program files (x86)/atmel/studio/7.0/toolchain/avr8/avr8-gnu-toolchain/bin/../lib/gcc/avr/5.4.0/../../../../avr/lib/avr5\libm.a(mulsf3.o)
                0x00003162                __mulsf3
 .text.avr-libc.fplib
                0x0000316a       0xd2 c:/program files (x86)/atmel/studio/7.0/toolchain/avr8/avr8-gnu-toolchain/bin/../lib/gcc/avr/5.4.0/../../../../avr/lib/avr5\libm.a(mulsf3x.o)
                0x00003188                __mulsf3x
                0x0000318e                __mulsf3_pse
 .text.__vector_16
                0x0000323c       0x90 ..\libcore.a(wiring.c.o)
                0x0000323c                __vector_16
 .text.millis   0x000032cc       0x1c ..\libcore.a(wiring.c.o)
                0x000032cc                millis
 .text.delay    0x000032e8       0xb2 ..\libcore.a(wiring.c.o)
                0x000032e8                delay
 .text.init     0x0000339a       0x76 ..\libcore.a(wiring.c.o)
                0x0000339a                init
 .text.analogReference
                0x00003410        0x6 ..\libcore.a(wiring_analog.c.o)
                0x00003410                analogReference
 .text.analogRead
                0x00003416       0x44 ..\libcore.a(wiring_analog.c.o)
                0x00003416                analogRead
 .text.__cxa_pure_virtual
                0x0000345a        0x2 ..\libcore.a(new.cpp.o)
                0x0000345a                __cxa_pure_virtual
 .text._Znwj    0x0000345c        0x6 ..\libcore.a(new.cpp.o)
                0x0000345c                _Znwj
 .text._ZN5Print5writeEPKhj
                0x00003462       0x54 ..\libcore.a(Print.cpp.o)
                0x00003462                _ZN5Print5writeEPKhj
 .text._ZN5Print5printEPK19__FlashStringHelper
                0x000034b6       0x46 ..\libcore.a(Print.cpp.o)
                0x000034b6                _ZN5Print5printEPK19__FlashStringHelper
 .text._ZN5Print5printEc
                0x000034fc       0x10 ..\libcore.a(Print.cpp.o)
                0x000034fc                _ZN5Print5printEc
 .text._ZN5Print7printlnEv
                0x0000350c       0x40 ..\libcore.a(Print.cpp.o)
                0x0000350c                _ZN5Print7printlnEv
 .text._ZN5Print7printlnEPK19__FlashStringHelper
                0x0000354c       0x28 ..\libcore.a(Print.cpp.o)
                0x0000354c                _ZN5Print7printlnEPK19__FlashStringHelper
 .text._ZN5Print5writeEPKc
                0x00003574       0x28 ..\libcore.a(Print.cpp.o)
                0x00003574                _ZN5Print5writeEPKc
 .text._ZN5Print11printNumberEmh
                0x0000359c       0xc8 ..\libcore.a(Print.cpp.o)
                0x0000359c                _ZN5Print11printNumberEmh
 .text._ZN5Print5printEmi
                0x00003664       0x1e ..\libcore.a(Print.cpp.o)
                0x00003664                _ZN5Print5printEmi
 .text._ZN5Print5printEji
                0x00003682       0x22 ..\libcore.a(Print.cpp.o)
                0x00003682                _ZN5Print5printEji
 .text._ZN5Print5printEhi
                0x000036a4       0x24 ..\libcore.a(Print.cpp.o)
                0x000036a4                _ZN5Print5printEhi
 .text._ZN5Print5printEli
                0x000036c8       0x80 ..\libcore.a(Print.cpp.o)
                0x000036c8                _ZN5Print5printEli
 .text._ZN5Print5printEPKc
                0x00003748        0x6 ..\libcore.a(Print.cpp.o)
                0x00003748                _ZN5Print5printEPKc
 .text._ZN5Print10printFloatEdh
                0x0000374e      0x136 ..\libcore.a(Print.cpp.o)
                0x0000374e                _ZN5Print10printFloatEdh
 .text._ZN5Print5printEdi
                0x00003884        0x6 ..\libcore.a(Print.cpp.o)
                0x00003884                _ZN5Print5printEdi
 .text._ZN5Print7printlnEdi
                0x0000388a       0x26 ..\libcore.a(Print.cpp.o)
                0x0000388a                _ZN5Print7printlnEdi
 .text._ZN5Print7printlnEPKc
                0x000038b0       0x26 ..\libcore.a(Print.cpp.o)
                0x000038b0                _ZN5Print7printlnEPKc
 .text.libgcc.mul
                0x000038d6       0x20 c:/program files (x86)/atmel/studio/7.0/toolchain/avr8/avr8-gnu-toolchain/bin/../lib/gcc/avr/5.4.0/avr5\libgcc.a(_mulsi3.o)
                0x000038d6                __mulsi3
 .text.libgcc.div
                0x000038f6       0x28 c:/program files (x86)/atmel/studio/7.0/toolchain/avr8/avr8-gnu-toolchain/bin/../lib/gcc/avr/5.4.0/avr5\libgcc.a(_udivmodhi4.o)
                0x000038f6                __udivmodhi4
 .text.libgcc.div
                0x0000391e       0x28 c:/program files (x86)/atmel/studio/7.0/toolchain/avr8/avr8-gnu-toolchain/bin/../lib/gcc/avr/5.4.0/avr5\libgcc.a(_divmodhi4.o)
                0x0000391e                _div
                0x0000391e                __divmodhi4
 .text.libgcc.div
                0x00003946       0x44 c:/program files (x86)/atmel/studio/7.0/toolchain/avr8/avr8-gnu-toolchain/bin/../lib/gcc/avr/5.4.0/avr5\libgcc.a(_udivmodsi4.o)
                0x00003946                __udivmodsi4
 .text.libgcc.mul
                0x0000398a       0x1e c:/program files (x86)/atmel/studio/7.0/toolchain/avr8/avr8-gnu-toolchain/bin/../lib/gcc/avr/5.4.0/avr5\libgcc.a(_umulhisi3.o)
                0x0000398a                __umulhisi3
 .text.libgcc.mul
                0x000039a8       0x16 c:/program files (x86)/atmel/studio/7.0/toolchain/avr8/avr8-gnu-toolchain/bin/../lib/gcc/avr/5.4.0/avr5\libgcc.a(_muluhisi3.o)
                0x000039a8                __muluhisi3
 .text.libgcc   0x000039be        0xc c:/program files (x86)/atmel/studio/7.0/toolchain/avr8/avr8-gnu-toolchain/bin/../lib/gcc/avr/5.4.0/avr5\libgcc.a(_tablejump2.o)
                0x000039be                __tablejump2__
 .text.avr-libc
                0x000039ca      0x242 c:/program files (x86)/atmel/studio/7.0/toolchain/avr8/avr8-gnu-toolchain/bin/../lib/gcc/avr/5.4.0/../../../../avr/lib/avr5\libc.a(malloc.o)
                0x000039ca                malloc
                0x00003afa                free
 .text.avr-libc
                0x00003c0c       0x3c c:/program files (x86)/atmel/studio/7.0/toolchain/avr8/avr8-gnu-toolchain/bin/../lib/gcc/avr/5.4.0/../../../../avr/lib/avr5\libc.a(atoi.o)
                0x00003c0c                atoi
 .text.avr-libc
                0x00003c48       0x12 c:/program files (x86)/atmel/studio/7.0/toolchain/avr8/avr8-gnu-toolchain/bin/../lib/gcc/avr/5.4.0/../../../../avr/lib/avr5\libc.a(strcmp_P.o)
                0x00003c48                strcmp_P
 .text.avr-libc
                0x00003c5a       0x1c c:/program files (x86)/atmel/studio/7.0/toolchain/avr8/avr8-gnu-toolchain/bin/../lib/gcc/avr/5.4.0/../../../../avr/lib/avr5\libc.a(strncmp_P.o)
                0x00003c5a                strncmp_P
 .text.avr-libc
                0x00003c76       0x14 c:/program files (x86)/atmel/studio/7.0/toolchain/avr8/avr8-gnu-toolchain/bin/../lib/gcc/avr/5.4.0/../../../../avr/lib/avr5\libc.a(strlwr.o)
                0x00003c76                strlwr
 .text.avr-libc
                0x00003c8a       0x1e c:/program files (x86)/atmel/studio/7.0/toolchain/avr8/avr8-gnu-toolchain/bin/../lib/gcc/avr/5.4.0/../../../../avr/lib/avr5\libc.a(strncpy.o)
                0x00003c8a                strncpy
 .text.avr-libc
                0x00003ca8       0x10 c:/program files (x86)/atmel/studio/7.0/toolchain/avr8/avr8-gnu-toolchain/bin/../lib/gcc/avr/5.4.0/../../../../avr/lib/avr5\libc.a(mul10.o)
                0x00003ca8                __mulhi_const_10
                0x00003cb8                . = ALIGN (0x2)
 *(.fini9)
 .fini9         0x00003cb8        0x0 c:/program files (x86)/atmel/studio/7.0/toolchain/avr8/avr8-gnu-toolchain/bin/../lib/gcc/avr/5.4.0/avr5\libgcc.a(_exit.o)
                0x00003cb8                _exit
                0x00003cb8                exit
 *(.fini9)
 *(.fini8)
 *(.fini8)
 *(.fini7)
 *(.fini7)
 *(.fini6)
 .fini6         0x00003cb8       0x16 c:/program files (x86)/atmel/studio/7.0/toolchain/avr8/avr8-gnu-toolchain/bin/../lib/gcc/avr/5.4.0/avr5\libgcc.a(_dtors.o)
                0x00003cb8                __do_global_dtors
 *(.fini6)
 *(.fini5)
 *(.fini5)
 *(.fini4)
 *(.fini4)
 *(.fini3)
 *(.fini3)
 *(.fini2)
 *(.fini2)
 *(.fini1)
 *(.fini1)
 *(.fini0)
 .fini0         0x00003cce        0x4 c:/program files (x86)/atmel/studio/7.0/toolchain/avr8/avr8-gnu-toolchain/bin/../lib/gcc/avr/5.4.0/avr5\libgcc.a(_exit.o)
 *(.fini0)
                0x00003cd2                _etext = .

.data           0x00800100      0x486 load address 0x00003cd2
                0x00800100                PROVIDE (__data_start, .)
 *(.data)
 .data          0x00800100        0x2 ..\libcore.a(Print.cpp.o)
 .data          0x00800102        0x6 c:/program files (x86)/atmel/studio/7.0/toolchain/avr8/avr8-gnu-toolchain/bin/../lib/gcc/avr/5.4.0/../../../../avr/lib/avr5\libc.a(malloc.o)
                0x00800102                __malloc_heap_end
                0x00800104                __malloc_heap_start
                0x00800106                __malloc_margin
 *(.data*)
 .data._ZZN16Adafruit_SSD130621drawFastVLineInternalEiiijE8postmask
                0x00800108        0x8 Adafruit_SSD1306.o
                0x00800108                _ZZN16Adafruit_SSD130621drawFastVLineInternalEiiijE8postmask
 .data._ZZN16Adafruit_SSD130621drawFastVLineInternalEiiijE7premask
                0x00800110        0x8 Adafruit_SSD1306.o
                0x00800110                _ZZN16Adafruit_SSD130621drawFastVLineInternalEiiijE7premask
 .data._ZL6buffer
                0x00800118      0x400 Adafruit_SSD1306.o
 .data.timeout_val
                0x00800518        0x2 i2c.o
                0x00800518                timeout_val
 .data.knob_click_value
                0x0080051a        0x2 main.o
                0x0080051a                knob_click_value
 .data.supplyVoltage
                0x0080051c        0x4 main.o
                0x0080051c                supplyVoltage
 .data.analog_reference
                0x00800520        0x1 ..\libcore.a(wiring_analog.c.o)
                0x00800520                analog_reference
 *(.gnu.linkonce.d*)
 *(.rodata)
 *(.rodata*)
 .rodata._ZTV12Adafruit_GFX
                0x00800521       0x18 Adafruit_GFX.o
                0x00800521                _ZTV12Adafruit_GFX
 .rodata._ZTV16Adafruit_SSD1306
                0x00800539       0x18 Adafruit_SSD1306.o
                0x00800539                _ZTV16Adafruit_SSD1306
 .rodata._ZTV9fifo_byte
                0x00800551        0x6 fifo.o
                0x00800551                _ZTV9fifo_byte
 .rodata._ZTV14HardwareSerial
                0x00800557       0x10 HardwareSerial.o
                0x00800557                _ZTV14HardwareSerial
 .rodata.str1.1
                0x00800567       0x1f main.o
 *(.gnu.linkonce.r*)
                0x00800586                . = ALIGN (0x2)
                0x00800586                _edata = .
                0x00800586                PROVIDE (__data_end, .)

.bss            0x00800586      0x175
                0x00800586                PROVIDE (__bss_start, .)
 *(.bss)
 *(.bss*)
 .bss.Serial    0x00800586       0x21 HardwareSerial.o
                0x00800586                Serial
 .bss.tx_buffer
                0x008005a7       0x44 HardwareSerial.o
                0x008005a7                tx_buffer
 .bss.rx_buffer
                0x008005eb       0x44 HardwareSerial.o
                0x008005eb                rx_buffer
 .bss.time_stamp
                0x0080062f        0x4 i2c.o
                0x0080062f                time_stamp
 .bss._ZZ4loopE18warningLedTogDelay
                0x00800633        0x4 main.o
 .bss._ZZ4loopE13iValLastState
                0x00800637        0x2 main.o
 .bss.vBusVal   0x00800639        0x4 main.o
                0x00800639                vBusVal
 .bss.iShuntVal
                0x0080063d        0x4 main.o
                0x0080063d                iShuntVal
 .bss.case_sensitivity_status
                0x00800641        0x1 main.o
                0x00800641                case_sensitivity_status
 .bss.uartBufCharCount
                0x00800642        0x1 main.o
                0x00800642                uartBufCharCount
 .bss.btCmdReplyBuffer
                0x00800643       0x40 main.o
                0x00800643                btCmdReplyBuffer
 .bss.int1_count
                0x00800683        0x1 main.o
                0x00800683                int1_count
 .bss.loadON    0x00800684        0x1 main.o
                0x00800684                loadON
 .bss.output_sw
                0x00800685        0x3 main.o
                0x00800685                output_sw
 .bss.temperature
                0x00800688        0x1 main.o
                0x00800688                temperature
 .bss.iValueSetting
                0x00800689        0x2 main.o
                0x00800689                iValueSetting
 .bss.display_update_interval
                0x0080068b        0x4 main.o
                0x0080068b                display_update_interval
 .bss.btn_sw_interval
                0x0080068f        0x4 main.o
                0x0080068f                btn_sw_interval
 .bss.buffer    0x00800693        0xa main.o
                0x00800693                buffer
 .bss.data      0x0080069d        0x1 main.o
                0x0080069d                data
 .bss.state     0x0080069e        0x1 main.o
                0x0080069e                state
 .bss.knob_btn  0x0080069f        0x3 main.o
                0x0080069f                knob_btn
 .bss.knob_dat  0x008006a2        0x3 main.o
                0x008006a2                knob_dat
 .bss.knob_clk  0x008006a5        0x3 main.o
                0x008006a5                knob_clk
 .bss.redLed    0x008006a8        0x3 main.o
                0x008006a8                redLed
 .bss.blueLed   0x008006ab        0x3 main.o
                0x008006ab                blueLed
 .bss.iSensor   0x008006ae       0x15 main.o
                0x008006ae                iSensor
 .bss.lcd       0x008006c3       0x2b main.o
                0x008006c3                lcd
 .bss.timer0_overflow_count
                0x008006ee        0x4 ..\libcore.a(wiring.c.o)
                0x008006ee                timer0_overflow_count
 .bss.timer0_millis
                0x008006f2        0x4 ..\libcore.a(wiring.c.o)
                0x008006f2                timer0_millis
 .bss.timer0_fract
                0x008006f6        0x1 ..\libcore.a(wiring.c.o)
 *(COMMON)
 COMMON         0x008006f7        0x4 c:/program files (x86)/atmel/studio/7.0/toolchain/avr8/avr8-gnu-toolchain/bin/../lib/gcc/avr/5.4.0/../../../../avr/lib/avr5\libc.a(malloc.o)
                0x008006f7                __brkval
                0x008006f9                __flp
                0x008006fb                PROVIDE (__bss_end, .)
                0x00003cd2                __data_load_start = LOADADDR (.data)
                0x00004158                __data_load_end = (__data_load_start + SIZEOF (.data))

.noinit         0x008006fb        0x0
                [!provide]                PROVIDE (__noinit_start, .)
 *(.noinit*)
                [!provide]                PROVIDE (__noinit_end, .)
                0x008006fb                _end = .
                0x008006fb                PROVIDE (__heap_start, .)

.eeprom         0x00810000        0x0
 *(.eeprom*)
                0x00810000                __eeprom_end = .

.fuse
 *(.fuse)
 *(.lfuse)
 *(.hfuse)
 *(.efuse)

.lock
 *(.lock*)

.signature
 *(.signature*)

.user_signatures
 *(.user_signatures*)

.stab
 *(.stab)

.stabstr
 *(.stabstr)

.stab.excl
 *(.stab.excl)

.stab.exclstr
 *(.stab.exclstr)

.stab.index
 *(.stab.index)

.stab.indexstr
 *(.stab.indexstr)

.comment        0x00000000       0x30
 *(.comment)
 .comment       0x00000000       0x30 Adafruit_GFX.o
                                 0x31 (size before relaxing)
 .comment       0x00000030       0x31 Adafruit_SSD1306.o
 .comment       0x00000030       0x31 fifo.o
 .comment       0x00000030       0x31 GPIO.o
 .comment       0x00000030       0x31 HardwareSerial.o
 .comment       0x00000030       0x31 i2c.o
 .comment       0x00000030       0x31 INA226.o
 .comment       0x00000030       0x31 main.o
 .comment       0x00000030       0x31 c:/program files (x86)/atmel/studio/7.0/toolchain/avr8/avr8-gnu-toolchain/bin/../lib/gcc/avr/5.4.0/../../../../avr/lib/avr5\libc.a(malloc.o)

.note.gnu.avr.deviceinfo
                0x00000000       0x40
 .note.gnu.avr.deviceinfo
                0x00000000       0x40 C:/Program Files (x86)/Atmel/Studio/7.0/Packs/atmel/ATmega_DFP/1.2.150/gcc/dev/atmega328p/avr5/crtatmega328p.o

.note.gnu.build-id
 *(.note.gnu.build-id)

.debug
 *(.debug)

.line
 *(.line)

.debug_srcinfo
 *(.debug_srcinfo)

.debug_sfnames
 *(.debug_sfnames)

.debug_aranges  0x00000000      0x1b0
 *(.debug_aranges)
 .debug_aranges
                0x00000000       0x48 ..\libcore.a(wiring.c.o)
 .debug_aranges
                0x00000048       0x30 ..\libcore.a(wiring_analog.c.o)
 .debug_aranges
                0x00000078       0x48 ..\libcore.a(new.cpp.o)
 .debug_aranges
                0x000000c0       0xf0 ..\libcore.a(Print.cpp.o)

.debug_pubnames
                0x00000000      0x37b
 *(.debug_pubnames)
 .debug_pubnames
                0x00000000       0x8d ..\libcore.a(wiring.c.o)
 .debug_pubnames
                0x0000008d       0x5a ..\libcore.a(wiring_analog.c.o)
 .debug_pubnames
                0x000000e7       0x94 ..\libcore.a(new.cpp.o)
 .debug_pubnames
                0x0000017b      0x200 ..\libcore.a(Print.cpp.o)

.debug_info     0x00000000     0x26ed
 *(.debug_info .gnu.linkonce.wi.*)
 .debug_info    0x00000000      0x5f4 C:/Program Files (x86)/Atmel/Studio/7.0/Packs/atmel/ATmega_DFP/1.2.150/gcc/dev/atmega328p/avr5/crtatmega328p.o
 .debug_info    0x000005f4      0x31c ..\libcore.a(wiring.c.o)
 .debug_info    0x00000910      0x22b ..\libcore.a(wiring_analog.c.o)
 .debug_info    0x00000b3b      0x13b ..\libcore.a(new.cpp.o)
 .debug_info    0x00000c76     0x1a77 ..\libcore.a(Print.cpp.o)

.debug_abbrev   0x00000000      0xc49
 *(.debug_abbrev)
 .debug_abbrev  0x00000000      0x5a2 C:/Program Files (x86)/Atmel/Studio/7.0/Packs/atmel/ATmega_DFP/1.2.150/gcc/dev/atmega328p/avr5/crtatmega328p.o
 .debug_abbrev  0x000005a2      0x17d ..\libcore.a(wiring.c.o)
 .debug_abbrev  0x0000071f      0x117 ..\libcore.a(wiring_analog.c.o)
 .debug_abbrev  0x00000836       0xdd ..\libcore.a(new.cpp.o)
 .debug_abbrev  0x00000913      0x336 ..\libcore.a(Print.cpp.o)

.debug_line     0x00000000     0x119e
 *(.debug_line .debug_line.* .debug_line_end)
 .debug_line    0x00000000      0x133 C:/Program Files (x86)/Atmel/Studio/7.0/Packs/atmel/ATmega_DFP/1.2.150/gcc/dev/atmega328p/avr5/crtatmega328p.o
 .debug_line    0x00000133      0x3e7 ..\libcore.a(wiring.c.o)
 .debug_line    0x0000051a      0x2e9 ..\libcore.a(wiring_analog.c.o)
 .debug_line    0x00000803      0x20c ..\libcore.a(new.cpp.o)
 .debug_line    0x00000a0f      0x78f ..\libcore.a(Print.cpp.o)

.debug_frame    0x00000000      0x2e0
 *(.debug_frame)
 .debug_frame   0x00000000       0x70 ..\libcore.a(wiring.c.o)
 .debug_frame   0x00000070       0x40 ..\libcore.a(wiring_analog.c.o)
 .debug_frame   0x000000b0       0x70 ..\libcore.a(new.cpp.o)
 .debug_frame   0x00000120      0x1c0 ..\libcore.a(Print.cpp.o)

.debug_str      0x00000000     0x1008
 *(.debug_str)
 .debug_str     0x00000000      0x208 C:/Program Files (x86)/Atmel/Studio/7.0/Packs/atmel/ATmega_DFP/1.2.150/gcc/dev/atmega328p/avr5/crtatmega328p.o
 .debug_str     0x00000208      0x12c ..\libcore.a(wiring.c.o)
                                0x16c (size before relaxing)
 .debug_str     0x00000334       0xcb ..\libcore.a(wiring_analog.c.o)
                                0x16a (size before relaxing)
 .debug_str     0x000003ff       0xef ..\libcore.a(new.cpp.o)
                                0x113 (size before relaxing)
 .debug_str     0x000004ee      0xb1a ..\libcore.a(Print.cpp.o)
                                0xc09 (size before relaxing)

.debug_loc      0x00000000     0x10af
 *(.debug_loc)
 .debug_loc     0x00000000      0x16d ..\libcore.a(wiring.c.o)
 .debug_loc     0x0000016d      0x13a ..\libcore.a(wiring_analog.c.o)
 .debug_loc     0x000002a7       0x80 ..\libcore.a(new.cpp.o)
 .debug_loc     0x00000327      0xd88 ..\libcore.a(Print.cpp.o)

.debug_macinfo
 *(.debug_macinfo)

.debug_weaknames
 *(.debug_weaknames)

.debug_funcnames
 *(.debug_funcnames)

.debug_typenames
 *(.debug_typenames)

.debug_varnames
 *(.debug_varnames)

.debug_pubtypes
 *(.debug_pubtypes)

.debug_ranges   0x00000000      0x190
 *(.debug_ranges)
 .debug_ranges  0x00000000       0x40 ..\libcore.a(wiring.c.o)
 .debug_ranges  0x00000040       0x28 ..\libcore.a(wiring_analog.c.o)
 .debug_ranges  0x00000068       0x40 ..\libcore.a(new.cpp.o)
 .debug_ranges  0x000000a8       0xe8 ..\libcore.a(Print.cpp.o)

.debug_macro
 *(.debug_macro)
OUTPUT(ElectronicLoad.elf elf32-avr)
LOAD linker stubs
